// Jest Snapshot v1, https://goo.gl/fbAQLP

exports[`Killer View should render 1`] = `
"<div class=\\"killer-container\\">
  <h2>Killer</h2>
  <div class=\\"killer-toolbar\\"><button class=\\"MuiButtonBase-root MuiButton-root MuiButton-contained btn-generate-killer MuiButton-containedPrimary\\" tabindex=\\"0\\" type=\\"button\\"><span class=\\"MuiButton-label\\">Generate New Loadout</span><span class=\\"MuiTouchRipple-root\\"></span></button><a class=\\"MuiButtonBase-root MuiButton-root MuiButton-outlined MuiButton-outlinedSecondary\\" tabindex=\\"0\\" aria-disabled=\\"false\\" href=\\"#/survivor\\"><span class=\\"MuiButton-label\\">To Survivor Loadout</span><span class=\\"MuiTouchRipple-root\\"></span></a></div>
  <div class=\\"survivor loading-spinner-container\\">
    <div class=\\"loading-spinner\\"><svg class=\\"loading-spinner-rear\\">
        <circle cx=\\"50%\\" cy=\\"50%\\" r=\\"18px\\"></circle>
      </svg><svg class=\\"loading-spinner-front\\">
        <circle cx=\\"50%\\" cy=\\"50%\\" r=\\"18px\\"></circle>
      </svg></div>
  </div>
</div>"
`;
